// Jest Snapshot v1, https://goo.gl/fbAQLP

exports[`gux-table-beta #render empty table 1`] = `"<gux-table-beta gs-table-id=\\"gux-table-i\\" hydrated=\\"\\"> <table slot=\\"data\\"> <thead> <tr> <th>First name</th> <th>Last name</th> <th data-cell-numeric>Age</th> <th data-cell-action>Action</th> </tr> </thead> </table> </gux-table-beta>"`;

exports[`gux-table-beta #render empty table with i18n strings 1`] = `"<gux-table-beta gs-table-id=\\"gux-table-i\\" hydrated=\\"\\"> <table slot=\\"data\\"> <thead> <tr> <th>First name</th> <th>Last name</th> <th data-cell-numeric>Age</th> <th data-cell-action>Action</th> </tr> </thead> </table> </gux-table-beta>"`;

exports[`gux-table-beta #render should render a gux-table-select menu 1`] = `"<gux-table-beta gs-table-id=\\"gux-table-i\\" hydrated=\\"\\"> <table slot=\\"data\\"> <thead> <tr data-row-id=\\"head\\"> <th> <gux-table-select-menu id=\\"gux-table-select-menu-i\\" hydrated=\\"\\"><!----> <gux-all-row-select hydrated=\\"\\"><gux-form-field-checkbox hydrated=\\"\\"><input slot=\\"input\\" id=\\"gux-all-row-select-i\\" type=\\"checkbox\\"><label slot=\\"label\\" for=\\"gux-all-row-select-i\\">​<span class=\\"gux-label-text\\">Select All Table Rows</span></label></gux-form-field-checkbox></gux-all-row-select> <button aria-expanded=\\"false\\" type=\\"button\\" class=\\"gux-select-menu-button\\"><gux-icon icon-name=\\"chevron-small-down\\" screenreader-text=\\"Table Options\\" hydrated=\\"\\"></gux-icon></button><gux-table-select-popover hidden=\\"\\" hydrated=\\"\\"><div><gux-list slot=\\"select-menu-options\\" role=\\"list\\" hydrated=\\"\\"> <gux-list-item onclick=\\"notify(event)\\" role=\\"listitem\\" hydrated=\\"\\"> All on page </gux-list-item> <gux-list-item onclick=\\"notify(event)\\" role=\\"listitem\\" hydrated=\\"\\"> None </gux-list-item> <gux-list-item onclick=\\"notify(event)\\" role=\\"listitem\\" hydrated=\\"\\"> Bring selected to top </gux-list-item> </gux-list></div></gux-table-select-popover></gux-table-select-menu> </th> <th data-column-name=\\"first-name\\">First name</th> <th data-column-name=\\"last-name\\">Last name</th> <th data-column-name=\\"age\\" data-cell-numeric>Age</th> <th data-column-name=\\"action\\" data-cell-action>Action</th> </tr> </thead> <tbody> <tr data-row-id=\\"person-id-1\\"> <td><gux-row-select disabled=\\"\\" hydrated=\\"\\"><gux-form-field-checkbox class=\\"gux-disabled\\" hydrated=\\"\\"><input slot=\\"input\\" id=\\"gux-row-select-i\\" type=\\"checkbox\\" disabled=\\"\\"><label slot=\\"label\\" for=\\"gux-row-select-i\\">​<span class=\\"gux-label-text\\">Select Table Row</span></label></gux-form-field-checkbox></gux-row-select></td> <td>John</td> <td>Doe</td> <td data-cell-numeric>25</td> <td data-cell-action>Delete</td> </tr> <tr data-row-id=\\"person-id-2\\"> <td><gux-row-select hydrated=\\"\\"><gux-form-field-checkbox hydrated=\\"\\"><input slot=\\"input\\" id=\\"gux-row-select-i\\" type=\\"checkbox\\"><label slot=\\"label\\" for=\\"gux-row-select-i\\">​<span class=\\"gux-label-text\\">Select Table Row</span></label></gux-form-field-checkbox></gux-row-select></td> <td>Jane</td> <td>Doe</td> <td data-cell-numeric>23</td> <td data-cell-action>Delete</td> </tr> <tr data-row-id=\\"person-id-3\\"> <td><gux-row-select disabled=\\"\\" hydrated=\\"\\"><gux-form-field-checkbox class=\\"gux-disabled\\" hydrated=\\"\\"><input slot=\\"input\\" id=\\"gux-row-select-i\\" type=\\"checkbox\\" disabled=\\"\\"><label slot=\\"label\\" for=\\"gux-row-select-i\\">​<span class=\\"gux-label-text\\">Select Table Row</span></label></gux-form-field-checkbox></gux-row-select></td> <td>Jane</td> <td>Doe</td> <td data-cell-numeric>21</td> <td data-cell-action>Delete</td> </tr> <tr data-row-id=\\"person-id-4\\"> <td><gux-row-select hydrated=\\"\\"><gux-form-field-checkbox hydrated=\\"\\"><input slot=\\"input\\" id=\\"gux-row-select-i\\" type=\\"checkbox\\"><label slot=\\"label\\" for=\\"gux-row-select-i\\">​<span class=\\"gux-label-text\\">Select Table Row</span></label></gux-form-field-checkbox></gux-row-select></td> <td>Jane</td> <td>Doe</td> <td data-cell-numeric>23</td> <td data-cell-action>Delete</td> </tr> </tbody> </table> </gux-table-beta>"`;

exports[`gux-table-beta #render should render a gux-table-select menu with i18n strings 1`] = `"<gux-table-beta gs-table-id=\\"gux-table-i\\" hydrated=\\"\\"> <table slot=\\"data\\"> <thead> <tr data-row-id=\\"head\\"> <th> <gux-table-select-menu id=\\"gux-table-select-menu-i\\" hydrated=\\"\\"><!----> <gux-all-row-select hydrated=\\"\\"><gux-form-field-checkbox hydrated=\\"\\"><input slot=\\"input\\" id=\\"gux-all-row-select-i\\" type=\\"checkbox\\"><label slot=\\"label\\" for=\\"gux-all-row-select-i\\">​<span class=\\"gux-label-text\\">すべてのテーブル行を選択</span></label></gux-form-field-checkbox></gux-all-row-select> <button aria-expanded=\\"false\\" type=\\"button\\" class=\\"gux-select-menu-button\\"><gux-icon icon-name=\\"chevron-small-down\\" screenreader-text=\\"Table Options\\" hydrated=\\"\\"></gux-icon></button><gux-table-select-popover hidden=\\"\\" hydrated=\\"\\"><div><gux-list slot=\\"select-menu-options\\" role=\\"list\\" hydrated=\\"\\"> <gux-list-item onclick=\\"notify(event)\\" role=\\"listitem\\" hydrated=\\"\\"> All on page </gux-list-item> <gux-list-item onclick=\\"notify(event)\\" role=\\"listitem\\" hydrated=\\"\\"> None </gux-list-item> <gux-list-item onclick=\\"notify(event)\\" role=\\"listitem\\" hydrated=\\"\\"> Bring selected to top </gux-list-item> </gux-list></div></gux-table-select-popover></gux-table-select-menu> </th> <th data-column-name=\\"first-name\\">First name</th> <th data-column-name=\\"last-name\\">Last name</th> <th data-column-name=\\"age\\" data-cell-numeric>Age</th> <th data-column-name=\\"action\\" data-cell-action>Action</th> </tr> </thead> <tbody> <tr data-row-id=\\"person-id-1\\"> <td><gux-row-select disabled=\\"\\" hydrated=\\"\\"><gux-form-field-checkbox class=\\"gux-disabled\\" hydrated=\\"\\"><input slot=\\"input\\" id=\\"gux-row-select-i\\" type=\\"checkbox\\" disabled=\\"\\"><label slot=\\"label\\" for=\\"gux-row-select-i\\">​<span class=\\"gux-label-text\\">テーブル行を選択</span></label></gux-form-field-checkbox></gux-row-select></td> <td>John</td> <td>Doe</td> <td data-cell-numeric>25</td> <td data-cell-action>Delete</td> </tr> <tr data-row-id=\\"person-id-2\\"> <td><gux-row-select hydrated=\\"\\"><gux-form-field-checkbox hydrated=\\"\\"><input slot=\\"input\\" id=\\"gux-row-select-i\\" type=\\"checkbox\\"><label slot=\\"label\\" for=\\"gux-row-select-i\\">​<span class=\\"gux-label-text\\">テーブル行を選択</span></label></gux-form-field-checkbox></gux-row-select></td> <td>Jane</td> <td>Doe</td> <td data-cell-numeric>23</td> <td data-cell-action>Delete</td> </tr> <tr data-row-id=\\"person-id-3\\"> <td><gux-row-select disabled=\\"\\" hydrated=\\"\\"><gux-form-field-checkbox class=\\"gux-disabled\\" hydrated=\\"\\"><input slot=\\"input\\" id=\\"gux-row-select-i\\" type=\\"checkbox\\" disabled=\\"\\"><label slot=\\"label\\" for=\\"gux-row-select-i\\">​<span class=\\"gux-label-text\\">テーブル行を選択</span></label></gux-form-field-checkbox></gux-row-select></td> <td>Jane</td> <td>Doe</td> <td data-cell-numeric>21</td> <td data-cell-action>Delete</td> </tr> <tr data-row-id=\\"person-id-4\\"> <td><gux-row-select hydrated=\\"\\"><gux-form-field-checkbox hydrated=\\"\\"><input slot=\\"input\\" id=\\"gux-row-select-i\\" type=\\"checkbox\\"><label slot=\\"label\\" for=\\"gux-row-select-i\\">​<span class=\\"gux-label-text\\">テーブル行を選択</span></label></gux-form-field-checkbox></gux-row-select></td> <td>Jane</td> <td>Doe</td> <td data-cell-numeric>23</td> <td data-cell-action>Delete</td> </tr> </tbody> </table> </gux-table-beta>"`;

exports[`gux-table-beta #render should render compact data table 1`] = `"<gux-table-beta compact=\\"\\" gs-table-id=\\"gux-table-i\\" gs-compact=\\"\\" hydrated=\\"\\"> <table slot=\\"data\\"> <thead> <tr> <th>First name</th> <th>Last name</th> <th data-cell-numeric>Age</th> <th data-cell-action>Action</th> </tr> </thead> <tbody> <tr> <td>John</td> <td>Doe</td> <td data-cell-numeric>25</td> <td data-cell-action>Delete</td> </tr> <tr> <td>Jane</td> <td>Doe</td> <td data-cell-numeric>23</td> <td data-cell-action>Delete</td> </tr> <tr> <td>Jane</td> <td>Doe</td> <td data-cell-numeric>21</td> <td data-cell-action>Delete</td> </tr> <tr> <td>Jane</td> <td>Doe</td> <td data-cell-numeric>23</td> <td data-cell-action>Delete</td> </tr> </tbody> </table> </gux-table-beta>"`;

exports[`gux-table-beta #render should render compact data table with i18n strings 1`] = `"<gux-table-beta compact=\\"\\" gs-table-id=\\"gux-table-i\\" gs-compact=\\"\\" hydrated=\\"\\"> <table slot=\\"data\\"> <thead> <tr> <th>First name</th> <th>Last name</th> <th data-cell-numeric>Age</th> <th data-cell-action>Action</th> </tr> </thead> <tbody> <tr> <td>John</td> <td>Doe</td> <td data-cell-numeric>25</td> <td data-cell-action>Delete</td> </tr> <tr> <td>Jane</td> <td>Doe</td> <td data-cell-numeric>23</td> <td data-cell-action>Delete</td> </tr> <tr> <td>Jane</td> <td>Doe</td> <td data-cell-numeric>21</td> <td data-cell-action>Delete</td> </tr> <tr> <td>Jane</td> <td>Doe</td> <td data-cell-numeric>23</td> <td data-cell-action>Delete</td> </tr> </tbody> </table> </gux-table-beta>"`;

exports[`gux-table-beta #render should render data table 1`] = `"<gux-table-beta gs-table-id=\\"gux-table-i\\" hydrated=\\"\\"> <table slot=\\"data\\"> <thead> <tr> <th>First name</th> <th>Last name</th> <th data-cell-numeric>Age</th> <th data-cell-action>Action</th> </tr> </thead> <tbody> <tr> <td>John</td> <td>Doe</td> <td data-cell-numeric>25</td> <td data-cell-action>Delete</td> </tr> <tr> <td>Jane</td> <td>Doe</td> <td data-cell-numeric>23</td> <td data-cell-action>Delete</td> </tr> <tr> <td>Jane</td> <td>Doe</td> <td data-cell-numeric>21</td> <td data-cell-action>Delete</td> </tr> <tr> <td>Jane</td> <td>Doe</td> <td data-cell-numeric>23</td> <td data-cell-action>Delete</td> </tr> </tbody> </table> </gux-table-beta>"`;

exports[`gux-table-beta #render should render data table with i18n strings 1`] = `"<gux-table-beta gs-table-id=\\"gux-table-i\\" hydrated=\\"\\"> <table slot=\\"data\\"> <thead> <tr> <th>First name</th> <th>Last name</th> <th data-cell-numeric>Age</th> <th data-cell-action>Action</th> </tr> </thead> <tbody> <tr> <td>John</td> <td>Doe</td> <td data-cell-numeric>25</td> <td data-cell-action>Delete</td> </tr> <tr> <td>Jane</td> <td>Doe</td> <td data-cell-numeric>23</td> <td data-cell-action>Delete</td> </tr> <tr> <td>Jane</td> <td>Doe</td> <td data-cell-numeric>21</td> <td data-cell-action>Delete</td> </tr> <tr> <td>Jane</td> <td>Doe</td> <td data-cell-numeric>23</td> <td data-cell-action>Delete</td> </tr> </tbody> </table> </gux-table-beta>"`;

exports[`gux-table-beta #render should render empty table with rows selection 1`] = `"<gux-table-beta object-table=\\"\\" selectable-rows=\\"\\" gs-table-id=\\"gux-table-i\\" gs-obj-table=\\"\\" hydrated=\\"\\"> <table slot=\\"data\\"> <thead> <tr> <th>First name</th> <th>Last name</th> <th data-cell-numeric>Age</th> <th data-cell-action>Action</th> </tr> </thead> </table> </gux-table-beta>"`;

exports[`gux-table-beta #render should render empty table with rows selection with i18n strings 1`] = `"<gux-table-beta object-table=\\"\\" selectable-rows=\\"\\" gs-table-id=\\"gux-table-i\\" gs-obj-table=\\"\\" hydrated=\\"\\"> <table slot=\\"data\\"> <thead> <tr> <th>First name</th> <th>Last name</th> <th data-cell-numeric>Age</th> <th data-cell-action>Action</th> </tr> </thead> </table> </gux-table-beta>"`;

exports[`gux-table-beta #render should render object table 1`] = `"<gux-table-beta object-table=\\"\\" gs-table-id=\\"gux-table-i\\" gs-obj-table=\\"\\" hydrated=\\"\\"> <table slot=\\"data\\"> <thead> <tr> <th>First name</th> <th>Last name</th> <th data-cell-numeric>Age</th> <th data-cell-action>Action</th> </tr> </thead> <tbody> <tr> <td>John</td> <td>Doe</td> <td data-cell-numeric>25</td> <td data-cell-action>Delete</td> </tr> <tr> <td>Jane</td> <td>Doe</td> <td data-cell-numeric>23</td> <td data-cell-action>Delete</td> </tr> <tr> <td>Jane</td> <td>Doe</td> <td data-cell-numeric>21</td> <td data-cell-action>Delete</td> </tr> <tr> <td>Jane</td> <td>Doe</td> <td data-cell-numeric>23</td> <td data-cell-action>Delete</td> </tr> </tbody> </table> </gux-table-beta>"`;

exports[`gux-table-beta #render should render object table with i18n strings 1`] = `"<gux-table-beta object-table=\\"\\" gs-table-id=\\"gux-table-i\\" gs-obj-table=\\"\\" hydrated=\\"\\"> <table slot=\\"data\\"> <thead> <tr> <th>First name</th> <th>Last name</th> <th data-cell-numeric>Age</th> <th data-cell-action>Action</th> </tr> </thead> <tbody> <tr> <td>John</td> <td>Doe</td> <td data-cell-numeric>25</td> <td data-cell-action>Delete</td> </tr> <tr> <td>Jane</td> <td>Doe</td> <td data-cell-numeric>23</td> <td data-cell-action>Delete</td> </tr> <tr> <td>Jane</td> <td>Doe</td> <td data-cell-numeric>21</td> <td data-cell-action>Delete</td> </tr> <tr> <td>Jane</td> <td>Doe</td> <td data-cell-numeric>23</td> <td data-cell-action>Delete</td> </tr> </tbody> </table> </gux-table-beta>"`;

exports[`gux-table-beta #render should render table with horizontal scroll 1`] = `"<gux-table-beta gs-table-id=\\"gux-table-i\\" hydrated=\\"\\" gs-h-scroll=\\"\\"> <table slot=\\"data\\"> <thead> <tr> <th>First name</th> <th>Last name</th> <th data-cell-numeric>Age</th> <th data-cell-action>Action</th> </tr> </thead> <tbody> <tr> <td>John</td> <td>Doe</td> <td data-cell-numeric>25</td> <td data-cell-action>Delete</td> </tr> <tr> <td>Jane</td> <td>Doe</td> <td data-cell-numeric>23</td> <td data-cell-action>Delete</td> </tr> <tr> <td>Jane</td> <td>Doe</td> <td data-cell-numeric>21</td> <td data-cell-action>Delete</td> </tr> <tr> <td>Jane</td> <td>Doe</td> <td data-cell-numeric>23</td> <td data-cell-action>Delete</td> </tr> </tbody> </table> </gux-table-beta>"`;

exports[`gux-table-beta #render should render table with horizontal scroll with i18n strings 1`] = `"<gux-table-beta gs-table-id=\\"gux-table-i\\" hydrated=\\"\\" gs-h-scroll=\\"\\"> <table slot=\\"data\\"> <thead> <tr> <th>First name</th> <th>Last name</th> <th data-cell-numeric>Age</th> <th data-cell-action>Action</th> </tr> </thead> <tbody> <tr> <td>John</td> <td>Doe</td> <td data-cell-numeric>25</td> <td data-cell-action>Delete</td> </tr> <tr> <td>Jane</td> <td>Doe</td> <td data-cell-numeric>23</td> <td data-cell-action>Delete</td> </tr> <tr> <td>Jane</td> <td>Doe</td> <td data-cell-numeric>21</td> <td data-cell-action>Delete</td> </tr> <tr> <td>Jane</td> <td>Doe</td> <td data-cell-numeric>23</td> <td data-cell-action>Delete</td> </tr> </tbody> </table> </gux-table-beta>"`;

exports[`gux-table-beta #render should render table with rows selection 1`] = `"<gux-table-beta object-table=\\"\\" selectable-rows=\\"\\" gs-table-id=\\"gux-table-i\\" gs-obj-table=\\"\\" hydrated=\\"\\"> <table slot=\\"data\\"> <thead> <tr> <th>First name</th> <th>Last name</th> <th data-cell-numeric>Age</th> <th data-cell-action>Action</th> </tr> </thead> <tbody> <tr> <td>John</td> <td>Doe</td> <td data-cell-numeric>25</td> <td data-cell-action>Delete</td> </tr> <tr> <td>Jane</td> <td>Doe</td> <td data-cell-numeric>23</td> <td data-cell-action>Delete</td> </tr> <tr> <td>Jane</td> <td>Doe</td> <td data-cell-numeric>21</td> <td data-cell-action>Delete</td> </tr> <tr> <td>Jane</td> <td>Doe</td> <td data-cell-numeric>23</td> <td data-cell-action>Delete</td> </tr> </tbody> </table> </gux-table-beta>"`;

exports[`gux-table-beta #render should render table with rows selection with i18n strings 1`] = `"<gux-table-beta object-table=\\"\\" selectable-rows=\\"\\" gs-table-id=\\"gux-table-i\\" gs-obj-table=\\"\\" hydrated=\\"\\"> <table slot=\\"data\\"> <thead> <tr> <th>First name</th> <th>Last name</th> <th data-cell-numeric>Age</th> <th data-cell-action>Action</th> </tr> </thead> <tbody> <tr> <td>John</td> <td>Doe</td> <td data-cell-numeric>25</td> <td data-cell-action>Delete</td> </tr> <tr> <td>Jane</td> <td>Doe</td> <td data-cell-numeric>23</td> <td data-cell-action>Delete</td> </tr> <tr> <td>Jane</td> <td>Doe</td> <td data-cell-numeric>21</td> <td data-cell-action>Delete</td> </tr> <tr> <td>Jane</td> <td>Doe</td> <td data-cell-numeric>23</td> <td data-cell-action>Delete</td> </tr> </tbody> </table> </gux-table-beta>"`;

exports[`gux-table-beta #render should render table with vertical scroll 1`] = `"<gux-table-beta gs-table-id=\\"gux-table-i\\" hydrated=\\"\\" gs-v-scroll=\\"\\"> <table slot=\\"data\\"> <thead> <tr> <th>First name</th> <th>Last name</th> <th data-cell-numeric>Age</th> <th data-cell-action>Action</th> </tr> </thead> <tbody> <tr> <td>John</td> <td>Doe</td> <td data-cell-numeric>25</td> <td data-cell-action>Delete</td> </tr> <tr> <td>Jane</td> <td>Doe</td> <td data-cell-numeric>23</td> <td data-cell-action>Delete</td> </tr> <tr> <td>Jane</td> <td>Doe</td> <td data-cell-numeric>21</td> <td data-cell-action>Delete</td> </tr> <tr> <td>Jane</td> <td>Doe</td> <td data-cell-numeric>23</td> <td data-cell-action>Delete</td> </tr> </tbody> </table> </gux-table-beta>"`;

exports[`gux-table-beta #render should render table with vertical scroll with i18n strings 1`] = `"<gux-table-beta gs-table-id=\\"gux-table-i\\" hydrated=\\"\\" gs-v-scroll=\\"\\"> <table slot=\\"data\\"> <thead> <tr> <th>First name</th> <th>Last name</th> <th data-cell-numeric>Age</th> <th data-cell-action>Action</th> </tr> </thead> <tbody> <tr> <td>John</td> <td>Doe</td> <td data-cell-numeric>25</td> <td data-cell-action>Delete</td> </tr> <tr> <td>Jane</td> <td>Doe</td> <td data-cell-numeric>23</td> <td data-cell-action>Delete</td> </tr> <tr> <td>Jane</td> <td>Doe</td> <td data-cell-numeric>21</td> <td data-cell-action>Delete</td> </tr> <tr> <td>Jane</td> <td>Doe</td> <td data-cell-numeric>23</td> <td data-cell-action>Delete</td> </tr> </tbody> </table> </gux-table-beta>"`;
