// Jest Snapshot v1, https://goo.gl/fbAQLP

exports[`gux-tabs-advanced #render renders 1`] = `"<gux-tabs-advanced hydrated=\\"\\"> <gux-tab-advanced-list slot=\\"tab-list\\" allow-sort=\\"false\\" show-new-tab-button=\\"true\\" hydrated=\\"\\"><!----><span class=\\"gux-sr-only gux-aria-live-region\\" aria-live=\\"polite\\"></span><div class=\\"gux-tab-container\\"><div class=\\"action-button-container\\"><div class=\\"gux-scroll-button-container\\"></div></div><div role=\\"tablist\\" class=\\"gux-scrollable-section\\" aria-owns=\\"gux-1-1-tab gux-1-2-tab gux-1-3-tab gux-1-4-tab\\"> <gux-tab-advanced tab-id=\\"1-1\\" hydrated=\\"\\"><!----><div class=\\"gux-tab gux-show gux-selected\\"><button class=\\"gux-tab-button\\" type=\\"button\\" role=\\"tab\\" aria-selected=\\"true\\" aria-disabled=\\"false\\" aria-controls=\\"gux-1-1-panel\\" tabindex=\\"0\\" id=\\"gux-1-1-tab\\"><gux-tooltip-title hydrated=\\"\\"><!----><span class=\\"gux-title-container\\"><span> Tab Header 1 </span></span></gux-tooltip-title></button></div></gux-tab-advanced> <gux-tab-advanced tab-id=\\"1-2\\" hydrated=\\"\\"><!----><div class=\\"gux-tab gux-show\\"><button class=\\"gux-tab-button\\" type=\\"button\\" role=\\"tab\\" aria-selected=\\"false\\" aria-disabled=\\"false\\" aria-controls=\\"gux-1-2-panel\\" tabindex=\\"-1\\" id=\\"gux-1-2-tab\\"><gux-tooltip-title hydrated=\\"\\" class=\\"gux-tooltip-icon-decorative\\"><!----><span class=\\"gux-title-container\\"><span> <gux-icon icon-name=\\"user-directory\\" decorative=\\"true\\" hydrated=\\"\\"></gux-icon> Tab Header 2 </span></span></gux-tooltip-title></button></div></gux-tab-advanced> <gux-tab-advanced gux-disabled=\\"\\" tab-id=\\"1-3\\" hydrated=\\"\\"><!----><div class=\\"gux-tab gux-disabled gux-show\\"><button class=\\"gux-tab-button\\" type=\\"button\\" role=\\"tab\\" aria-selected=\\"false\\" aria-disabled=\\"true\\" aria-controls=\\"gux-1-3-panel\\" tabindex=\\"-1\\" id=\\"gux-1-3-tab\\"><gux-tooltip-title hydrated=\\"\\"><!----><span class=\\"gux-title-container\\"><span> Tab Header 3 </span></span></gux-tooltip-title></button></div></gux-tab-advanced> <gux-tab-advanced tab-id=\\"1-4\\" hydrated=\\"\\"><!----><div class=\\"gux-tab gux-show\\"><button class=\\"gux-tab-button\\" type=\\"button\\" role=\\"tab\\" aria-selected=\\"false\\" aria-disabled=\\"false\\" aria-controls=\\"gux-1-4-panel\\" tabindex=\\"-1\\" id=\\"gux-1-4-tab\\"><gux-tooltip-title hydrated=\\"\\"><!----><span class=\\"gux-title-container\\"><span> Tab Header 4 </span></span></gux-tooltip-title></button></div></gux-tab-advanced> </div><div class=\\"action-button-container\\"><div class=\\"gux-scroll-button-container\\"></div><button title=\\"Create New Tab\\" class=\\"add-tab-button\\"><slot-fb name=\\"add-tab\\"><gux-icon icon-name=\\"add\\" hydrated=\\"\\"></gux-icon></slot-fb></button></div></div></gux-tab-advanced-list> <gux-tab-advanced-panel tab-id=\\"1-1\\" hydrated=\\"\\"><!----><div id=\\"gux-1-1-panel\\" role=\\"tabpanel\\" aria-labelledby=\\"gux-1-1-tab\\" tabindex=\\"0\\" aria-live=\\"assertive\\"> <span>Tab content 1</span> </div></gux-tab-advanced-panel> <gux-tab-advanced-panel tab-id=\\"1-2\\" hydrated=\\"\\"><!----><div id=\\"gux-1-2-panel\\" role=\\"tabpanel\\" aria-labelledby=\\"gux-1-2-tab\\" tabindex=\\"0\\" hidden=\\"\\" aria-live=\\"assertive\\"> <span>Tab content 2</span> </div></gux-tab-advanced-panel> <gux-tab-advanced-panel tab-id=\\"1-3\\" hydrated=\\"\\"><!----><div id=\\"gux-1-3-panel\\" role=\\"tabpanel\\" aria-labelledby=\\"gux-1-3-tab\\" tabindex=\\"0\\" hidden=\\"\\" aria-live=\\"assertive\\"> <span>Tab content 3</span> </div></gux-tab-advanced-panel> <gux-tab-advanced-panel tab-id=\\"1-4\\" hydrated=\\"\\"><!----><div id=\\"gux-1-4-panel\\" role=\\"tabpanel\\" aria-labelledby=\\"gux-1-4-tab\\" tabindex=\\"0\\" hidden=\\"\\" aria-live=\\"assertive\\"> <span>Tab content 4</span> </div></gux-tab-advanced-panel> </gux-tabs-advanced>"`;

exports[`gux-tabs-advanced #render renders i18n strings 1`] = `"<gux-tabs-advanced hydrated=\\"\\"> <gux-tab-advanced-list slot=\\"tab-list\\" allow-sort=\\"false\\" show-new-tab-button=\\"true\\" hydrated=\\"\\"><!----><span class=\\"gux-sr-only gux-aria-live-region\\" aria-live=\\"polite\\"></span><div class=\\"gux-tab-container\\"><div class=\\"action-button-container\\"><div class=\\"gux-scroll-button-container\\"><button tabindex=\\"-1\\" title=\\"左にスクロール\\" aria-label=\\"左にスクロール\\" class=\\"gux-scroll-button\\"><gux-icon icon-name=\\"chevron-left\\" hydrated=\\"\\"></gux-icon></button></div></div><div role=\\"tablist\\" class=\\"gux-scrollable-section\\" aria-owns=\\"gux-1-1-tab gux-1-2-tab gux-1-3-tab gux-1-4-tab\\"> <gux-tab-advanced tab-id=\\"1-1\\" hydrated=\\"\\"><!----><div class=\\"gux-tab gux-show gux-selected\\"><button class=\\"gux-tab-button\\" type=\\"button\\" role=\\"tab\\" aria-selected=\\"true\\" aria-disabled=\\"false\\" aria-controls=\\"gux-1-1-panel\\" tabindex=\\"0\\" id=\\"gux-1-1-tab\\"><gux-tooltip-title hydrated=\\"\\"><!----><span class=\\"gux-title-container\\"><span> Tab Header 1 </span></span></gux-tooltip-title></button></div></gux-tab-advanced> <gux-tab-advanced tab-id=\\"1-2\\" hydrated=\\"\\"><!----><div class=\\"gux-tab gux-show\\"><button class=\\"gux-tab-button\\" type=\\"button\\" role=\\"tab\\" aria-selected=\\"false\\" aria-disabled=\\"false\\" aria-controls=\\"gux-1-2-panel\\" tabindex=\\"-1\\" id=\\"gux-1-2-tab\\"><gux-tooltip-title hydrated=\\"\\" class=\\"gux-tooltip-icon-decorative\\"><!----><span class=\\"gux-title-container\\"><span> <gux-icon icon-name=\\"user-directory\\" decorative=\\"true\\" hydrated=\\"\\"></gux-icon> Tab Header 2 </span></span></gux-tooltip-title></button></div></gux-tab-advanced> <gux-tab-advanced gux-disabled=\\"\\" tab-id=\\"1-3\\" hydrated=\\"\\"><!----><div class=\\"gux-tab gux-disabled gux-show\\"><button class=\\"gux-tab-button\\" type=\\"button\\" role=\\"tab\\" aria-selected=\\"false\\" aria-disabled=\\"true\\" aria-controls=\\"gux-1-3-panel\\" tabindex=\\"-1\\" id=\\"gux-1-3-tab\\"><gux-tooltip-title hydrated=\\"\\"><!----><span class=\\"gux-title-container\\"><span> Tab Header 3 </span></span></gux-tooltip-title></button></div></gux-tab-advanced> <gux-tab-advanced tab-id=\\"1-4\\" hydrated=\\"\\"><!----><div class=\\"gux-tab gux-show\\"><button class=\\"gux-tab-button\\" type=\\"button\\" role=\\"tab\\" aria-selected=\\"false\\" aria-disabled=\\"false\\" aria-controls=\\"gux-1-4-panel\\" tabindex=\\"-1\\" id=\\"gux-1-4-tab\\"><gux-tooltip-title hydrated=\\"\\"><!----><span class=\\"gux-title-container\\"><span> Tab Header 4 </span></span></gux-tooltip-title></button></div></gux-tab-advanced> </div><div class=\\"action-button-container\\"><div class=\\"gux-scroll-button-container\\"><button tabindex=\\"-1\\" title=\\"右にスクロール\\" aria-label=\\"右にスクロール\\" class=\\"gux-scroll-button\\"><gux-icon icon-name=\\"chevron-right\\" hydrated=\\"\\"></gux-icon></button></div><button title=\\"新規タブを作成\\" class=\\"add-tab-button\\"><slot-fb name=\\"add-tab\\"><gux-icon icon-name=\\"add\\" hydrated=\\"\\"></gux-icon></slot-fb></button></div></div></gux-tab-advanced-list> <gux-tab-advanced-panel tab-id=\\"1-1\\" hydrated=\\"\\"><!----><div id=\\"gux-1-1-panel\\" role=\\"tabpanel\\" aria-labelledby=\\"gux-1-1-tab\\" tabindex=\\"0\\" aria-live=\\"assertive\\"> <span>Tab content 1</span> </div></gux-tab-advanced-panel> <gux-tab-advanced-panel tab-id=\\"1-2\\" hydrated=\\"\\"><!----><div id=\\"gux-1-2-panel\\" role=\\"tabpanel\\" aria-labelledby=\\"gux-1-2-tab\\" tabindex=\\"0\\" hidden=\\"\\" aria-live=\\"assertive\\"> <span>Tab content 2</span> </div></gux-tab-advanced-panel> <gux-tab-advanced-panel tab-id=\\"1-3\\" hydrated=\\"\\"><!----><div id=\\"gux-1-3-panel\\" role=\\"tabpanel\\" aria-labelledby=\\"gux-1-3-tab\\" tabindex=\\"0\\" hidden=\\"\\" aria-live=\\"assertive\\"> <span>Tab content 3</span> </div></gux-tab-advanced-panel> <gux-tab-advanced-panel tab-id=\\"1-4\\" hydrated=\\"\\"><!----><div id=\\"gux-1-4-panel\\" role=\\"tabpanel\\" aria-labelledby=\\"gux-1-4-tab\\" tabindex=\\"0\\" hidden=\\"\\" aria-live=\\"assertive\\"> <span>Tab content 4</span> </div></gux-tab-advanced-panel> </gux-tabs-advanced>"`;
