// Jest Snapshot v1, https://goo.gl/fbAQLP

exports[`gux-accordion renders 1`] = `
<gux-accordion>
  <mock:shadow-root>
    <slot></slot>
  </mock:shadow-root>
  <gux-accordion-section>
    <mock:shadow-root>
      <section>
        <button aria-controls="gux-accordion-section-i" aria-expanded="false" class="gux-header">
          <slot name="icon"></slot>
          <div class="gux-header-text">
            <slot name="header"></slot>
            <slot name="subheading"></slot>
          </div>
          <div class="gux-header-icon">
            <gux-icon decorative="" icon-name="chevron-small-down"></gux-icon>
          </div>
        </button>
        <div class="gux-content" id="gux-accordion-section-i">
          <slot name="content"></slot>
        </div>
      </section>
    </mock:shadow-root>
    <h2 slot="header">
      First Section
    </h2>
    <div slot="content">
      Sample Content
    </div>
  </gux-accordion-section>
  <gux-accordion-section>
    <mock:shadow-root>
      <section>
        <button aria-controls="gux-accordion-section-i" aria-expanded="false" class="gux-header">
          <slot name="icon"></slot>
          <div class="gux-header-text">
            <slot name="header"></slot>
            <slot name="subheading"></slot>
          </div>
          <div class="gux-header-icon">
            <gux-icon decorative="" icon-name="chevron-small-down"></gux-icon>
          </div>
        </button>
        <div class="gux-content" id="gux-accordion-section-i">
          <slot name="content"></slot>
        </div>
      </section>
    </mock:shadow-root>
    <h2 slot="header">
      Second Section
    </h2>
    <div slot="content">
      Sample Content
    </div>
  </gux-accordion-section>
  <gux-accordion-section>
    <mock:shadow-root>
      <section>
        <button aria-controls="gux-accordion-section-i" aria-expanded="false" class="gux-header">
          <slot name="icon"></slot>
          <div class="gux-header-text">
            <slot name="header"></slot>
            <slot name="subheading"></slot>
          </div>
          <div class="gux-header-icon">
            <gux-icon decorative="" icon-name="chevron-small-down"></gux-icon>
          </div>
        </button>
        <div class="gux-content" id="gux-accordion-section-i">
          <slot name="content"></slot>
        </div>
      </section>
    </mock:shadow-root>
    <h2 slot="header">
      Third Section
    </h2>
    <div slot="content">
      Sample Content
    </div>
  </gux-accordion-section>
</gux-accordion>
`;
