// Jest Snapshot v1, https://goo.gl/fbAQLP

exports[`gux-dropdown #render should render as expected 1`] = `
<gux-dropdown-multi-beta>
  <mock:shadow-root>
    <div class="gux-dropdown-container">
      <gux-popup>
        <div class="gux-target-container gux-target-container-collapsed" slot="target">
          <button aria-expanded="false" aria-haspopup="listbox" class="gux-field gux-field-button" type="button">
            <div class="gux-field-content">
              <div class="gux-placeholder">
                Select...
              </div>
            </div>
            <gux-icon class="gux-expand-icon" iconname="chevron-small-down" screenreader-text="Dropdown"></gux-icon>
          </button>
        </div>
        <div class="gux-listbox-container" slot="popup">
          <slot></slot>
        </div>
      </gux-popup>
    </div>
  </mock:shadow-root>
  <gux-listbox-multi aria-label="Animals" aria-multiselectable="true" role="listbox" tabindex="0">
    <mock:shadow-root>
      <slot></slot>
    </mock:shadow-root>
    <gux-option-multi aria-disabled="true" class="gux-disabled" disabled="" id="gux-option-multi-i" role="option" value="a">
      <!---->
      <div class="gux-option">
        Ant
      </div>
    </gux-option-multi>
    <gux-option-multi aria-disabled="false" aria-selected="false" id="gux-option-multi-i" role="option" value="b">
      <!---->
      <div class="gux-option">
        Bat
      </div>
    </gux-option-multi>
    <gux-option-multi aria-disabled="false" aria-selected="false" id="gux-option-multi-i" role="option" value="c">
      <!---->
      <div class="gux-option">
        Cat
      </div>
    </gux-option-multi>
  </gux-listbox-multi>
</gux-dropdown-multi-beta>
`;
