// Jest Snapshot v1, https://goo.gl/fbAQLP

exports[`gux-form-field-text-like #render clearable should render component as expected (1) 1`] = `"<gux-form-field-text-like lang=\\"en\\" hydrated=\\"\\"> <input slot=\\"input\\" type=\\"text\\" value=\\"Sample text\\" id=\\"gux-form-field-input-i\\"> <label slot=\\"label\\" for=\\"gux-form-field-input-i\\">Label</label> </gux-form-field-text-like>"`;

exports[`gux-form-field-text-like #render clearable should render component as expected (1) 2`] = `
<div class="gux-beside gux-form-field-container">
  <div class="gux-beside gux-form-field-label">
    <slot name="label"></slot>
  </div>
  <div class="gux-input-and-error-container">
    <div class="gux-input">
      <div class="gux-input-container">
        <slot name="prefix"></slot>
        <slot name="input"></slot>
        <slot name="suffix"></slot>
        <div class="gux-sr-only">
          0
        </div>
      </div>
    </div>
    <div class="gux-form-field-error">
      <gux-icon hydrated="" icon-name="alert-warning-octogon"></gux-icon>
      <div class="gux-message">
        <slot name="error"></slot>
      </div>
    </div>
  </div>
</div>
`;

exports[`gux-form-field-text-like #render clearable should render component as expected (2) 1`] = `"<gux-form-field-text-like lang=\\"en\\" clearable=\\"\\" hydrated=\\"\\"> <input slot=\\"input\\" type=\\"text\\" value=\\"Sample text\\" id=\\"gux-form-field-input-i\\"> <label slot=\\"label\\" for=\\"gux-form-field-input-i\\">Label</label> </gux-form-field-text-like>"`;

exports[`gux-form-field-text-like #render clearable should render component as expected (2) 2`] = `
<div class="gux-beside gux-form-field-container">
  <div class="gux-beside gux-form-field-label">
    <slot name="label"></slot>
  </div>
  <div class="gux-input-and-error-container">
    <div class="gux-input">
      <div class="gux-input-container">
        <slot name="prefix"></slot>
        <slot name="input"></slot>
        <slot name="suffix"></slot>
        <div class="gux-sr-only">
          0
        </div>
        <gux-form-field-input-clear-button hydrated=""></gux-form-field-input-clear-button>
      </div>
    </div>
    <div class="gux-form-field-error">
      <gux-icon hydrated="" icon-name="alert-warning-octogon"></gux-icon>
      <div class="gux-message">
        <slot name="error"></slot>
      </div>
    </div>
  </div>
</div>
`;

exports[`gux-form-field-text-like #render clearable should render component as expected (3) 1`] = `"<gux-form-field-text-like lang=\\"en\\" clearable=\\"true\\" hydrated=\\"\\"> <input slot=\\"input\\" type=\\"text\\" value=\\"Sample text\\" id=\\"gux-form-field-input-i\\"> <label slot=\\"label\\" for=\\"gux-form-field-input-i\\">Label</label> </gux-form-field-text-like>"`;

exports[`gux-form-field-text-like #render clearable should render component as expected (3) 2`] = `
<div class="gux-beside gux-form-field-container">
  <div class="gux-beside gux-form-field-label">
    <slot name="label"></slot>
  </div>
  <div class="gux-input-and-error-container">
    <div class="gux-input">
      <div class="gux-input-container">
        <slot name="prefix"></slot>
        <slot name="input"></slot>
        <slot name="suffix"></slot>
        <div class="gux-sr-only">
          0
        </div>
        <gux-form-field-input-clear-button hydrated=""></gux-form-field-input-clear-button>
      </div>
    </div>
    <div class="gux-form-field-error">
      <gux-icon hydrated="" icon-name="alert-warning-octogon"></gux-icon>
      <div class="gux-message">
        <slot name="error"></slot>
      </div>
    </div>
  </div>
</div>
`;

exports[`gux-form-field-text-like #render clearable should render component as expected (4) 1`] = `"<gux-form-field-text-like lang=\\"en\\" clearable=\\"false\\" hydrated=\\"\\"> <input slot=\\"input\\" type=\\"text\\" value=\\"Sample text\\" id=\\"gux-form-field-input-i\\"> <label slot=\\"label\\" for=\\"gux-form-field-input-i\\">Label</label> </gux-form-field-text-like>"`;

exports[`gux-form-field-text-like #render clearable should render component as expected (4) 2`] = `
<div class="gux-beside gux-form-field-container">
  <div class="gux-beside gux-form-field-label">
    <slot name="label"></slot>
  </div>
  <div class="gux-input-and-error-container">
    <div class="gux-input">
      <div class="gux-input-container">
        <slot name="prefix"></slot>
        <slot name="input"></slot>
        <slot name="suffix"></slot>
        <div class="gux-sr-only">
          0
        </div>
      </div>
    </div>
    <div class="gux-form-field-error">
      <gux-icon hydrated="" icon-name="alert-warning-octogon"></gux-icon>
      <div class="gux-message">
        <slot name="error"></slot>
      </div>
    </div>
  </div>
</div>
`;

exports[`gux-form-field-text-like #render clearable should render component as expected (5) 1`] = `"<gux-form-field-text-like lang=\\"en\\" clearable=\\"\\" hydrated=\\"\\"> <input slot=\\"input\\" type=\\"text\\" value=\\"Sample text\\" disabled=\\"\\" id=\\"gux-form-field-input-i\\"> <label slot=\\"label\\" for=\\"gux-form-field-input-i\\">Label</label> </gux-form-field-text-like>"`;

exports[`gux-form-field-text-like #render clearable should render component as expected (5) 2`] = `
<div class="gux-beside gux-form-field-container">
  <div class="gux-beside gux-form-field-label">
    <slot name="label"></slot>
  </div>
  <div class="gux-input-and-error-container">
    <div class="gux-input">
      <div class="gux-disabled gux-input-container">
        <slot name="prefix"></slot>
        <slot name="input"></slot>
        <slot name="suffix"></slot>
        <div class="gux-sr-only">
          0
        </div>
      </div>
    </div>
    <div class="gux-form-field-error">
      <gux-icon hydrated="" icon-name="alert-warning-octogon"></gux-icon>
      <div class="gux-message">
        <slot name="error"></slot>
      </div>
    </div>
  </div>
</div>
`;

exports[`gux-form-field-text-like #render input type attribute should render component as expected (1) 1`] = `"<gux-form-field-text-like lang=\\"en\\" hydrated=\\"\\"> <input slot=\\"input\\" type=\\"email\\" value=\\"Sample text\\" id=\\"gux-form-field-input-i\\"> <label slot=\\"label\\" for=\\"gux-form-field-input-i\\">Label</label> </gux-form-field-text-like>"`;

exports[`gux-form-field-text-like #render input type attribute should render component as expected (1) 2`] = `
<div class="gux-beside gux-form-field-container">
  <div class="gux-beside gux-form-field-label">
    <slot name="label"></slot>
  </div>
  <div class="gux-input-and-error-container">
    <div class="gux-input">
      <div class="gux-input-container">
        <slot name="prefix"></slot>
        <slot name="input"></slot>
        <slot name="suffix"></slot>
        <div class="gux-sr-only">
          0
        </div>
      </div>
    </div>
    <div class="gux-form-field-error">
      <gux-icon hydrated="" icon-name="alert-warning-octogon"></gux-icon>
      <div class="gux-message">
        <slot name="error"></slot>
      </div>
    </div>
  </div>
</div>
`;

exports[`gux-form-field-text-like #render input type attribute should render component as expected (2) 1`] = `"<gux-form-field-text-like lang=\\"en\\" hydrated=\\"\\"> <input slot=\\"input\\" type=\\"password\\" value=\\"Sample text\\" id=\\"gux-form-field-input-i\\"> <label slot=\\"label\\" for=\\"gux-form-field-input-i\\">Label</label> </gux-form-field-text-like>"`;

exports[`gux-form-field-text-like #render input type attribute should render component as expected (2) 2`] = `
<div class="gux-beside gux-form-field-container">
  <div class="gux-beside gux-form-field-label">
    <slot name="label"></slot>
  </div>
  <div class="gux-input-and-error-container">
    <div class="gux-input">
      <div class="gux-input-container">
        <slot name="prefix"></slot>
        <slot name="input"></slot>
        <slot name="suffix"></slot>
        <div class="gux-sr-only">
          0
        </div>
      </div>
    </div>
    <div class="gux-form-field-error">
      <gux-icon hydrated="" icon-name="alert-warning-octogon"></gux-icon>
      <div class="gux-message">
        <slot name="error"></slot>
      </div>
    </div>
  </div>
</div>
`;

exports[`gux-form-field-text-like #render input type attribute should render component as expected (3) 1`] = `"<gux-form-field-text-like lang=\\"en\\" hydrated=\\"\\"> <input slot=\\"input\\" type=\\"text\\" value=\\"Sample text\\" id=\\"gux-form-field-input-i\\"> <label slot=\\"label\\" for=\\"gux-form-field-input-i\\">Label</label> </gux-form-field-text-like>"`;

exports[`gux-form-field-text-like #render input type attribute should render component as expected (3) 2`] = `
<div class="gux-beside gux-form-field-container">
  <div class="gux-beside gux-form-field-label">
    <slot name="label"></slot>
  </div>
  <div class="gux-input-and-error-container">
    <div class="gux-input">
      <div class="gux-input-container">
        <slot name="prefix"></slot>
        <slot name="input"></slot>
        <slot name="suffix"></slot>
        <div class="gux-sr-only">
          0
        </div>
      </div>
    </div>
    <div class="gux-form-field-error">
      <gux-icon hydrated="" icon-name="alert-warning-octogon"></gux-icon>
      <div class="gux-message">
        <slot name="error"></slot>
      </div>
    </div>
  </div>
</div>
`;

exports[`gux-form-field-text-like #render label-position should render component as expected (1) 1`] = `"<gux-form-field-text-like lang=\\"en\\" hydrated=\\"\\"> <input slot=\\"input\\" type=\\"text\\" value=\\"Sample text\\" id=\\"gux-form-field-input-i\\"> <label slot=\\"label\\" for=\\"gux-form-field-input-i\\">Label</label> </gux-form-field-text-like>"`;

exports[`gux-form-field-text-like #render label-position should render component as expected (1) 2`] = `
<div class="gux-beside gux-form-field-container">
  <div class="gux-beside gux-form-field-label">
    <slot name="label"></slot>
  </div>
  <div class="gux-input-and-error-container">
    <div class="gux-input">
      <div class="gux-input-container">
        <slot name="prefix"></slot>
        <slot name="input"></slot>
        <slot name="suffix"></slot>
        <div class="gux-sr-only">
          0
        </div>
      </div>
    </div>
    <div class="gux-form-field-error">
      <gux-icon hydrated="" icon-name="alert-warning-octogon"></gux-icon>
      <div class="gux-message">
        <slot name="error"></slot>
      </div>
    </div>
  </div>
</div>
`;

exports[`gux-form-field-text-like #render label-position should render component as expected (2) 1`] = `"<gux-form-field-text-like lang=\\"en\\" label-position=\\"above\\" hydrated=\\"\\"> <input slot=\\"input\\" type=\\"text\\" value=\\"Sample text\\" id=\\"gux-form-field-input-i\\"> <label slot=\\"label\\" for=\\"gux-form-field-input-i\\">Label</label> </gux-form-field-text-like>"`;

exports[`gux-form-field-text-like #render label-position should render component as expected (2) 2`] = `
<div class="gux-above gux-form-field-container">
  <div class="gux-above gux-form-field-label">
    <slot name="label"></slot>
  </div>
  <div class="gux-input-and-error-container">
    <div class="gux-input">
      <div class="gux-input-container">
        <slot name="prefix"></slot>
        <slot name="input"></slot>
        <slot name="suffix"></slot>
        <div class="gux-sr-only">
          0
        </div>
      </div>
    </div>
    <div class="gux-form-field-error">
      <gux-icon hydrated="" icon-name="alert-warning-octogon"></gux-icon>
      <div class="gux-message">
        <slot name="error"></slot>
      </div>
    </div>
  </div>
</div>
`;

exports[`gux-form-field-text-like #render label-position should render component as expected (3) 1`] = `"<gux-form-field-text-like lang=\\"en\\" label-position=\\"beside\\" hydrated=\\"\\"> <input slot=\\"input\\" type=\\"text\\" value=\\"Sample text\\" id=\\"gux-form-field-input-i\\"> <label slot=\\"label\\" for=\\"gux-form-field-input-i\\">Label</label> </gux-form-field-text-like>"`;

exports[`gux-form-field-text-like #render label-position should render component as expected (3) 2`] = `
<div class="gux-beside gux-form-field-container">
  <div class="gux-beside gux-form-field-label">
    <slot name="label"></slot>
  </div>
  <div class="gux-input-and-error-container">
    <div class="gux-input">
      <div class="gux-input-container">
        <slot name="prefix"></slot>
        <slot name="input"></slot>
        <slot name="suffix"></slot>
        <div class="gux-sr-only">
          0
        </div>
      </div>
    </div>
    <div class="gux-form-field-error">
      <gux-icon hydrated="" icon-name="alert-warning-octogon"></gux-icon>
      <div class="gux-message">
        <slot name="error"></slot>
      </div>
    </div>
  </div>
</div>
`;

exports[`gux-form-field-text-like #render label-position should render component as expected (4) 1`] = `"<gux-form-field-text-like lang=\\"en\\" label-position=\\"screenreader\\" hydrated=\\"\\"> <input slot=\\"input\\" type=\\"text\\" value=\\"Sample text\\" id=\\"gux-form-field-input-i\\"> <label slot=\\"label\\" for=\\"gux-form-field-input-i\\">Label</label> </gux-form-field-text-like>"`;

exports[`gux-form-field-text-like #render label-position should render component as expected (4) 2`] = `
<div class="gux-form-field-container gux-screenreader">
  <div class="gux-form-field-label gux-screenreader">
    <slot name="label"></slot>
  </div>
  <div class="gux-input-and-error-container">
    <div class="gux-input">
      <div class="gux-input-container">
        <slot name="prefix"></slot>
        <slot name="input"></slot>
        <slot name="suffix"></slot>
        <div class="gux-sr-only">
          0
        </div>
      </div>
    </div>
    <div class="gux-form-field-error">
      <gux-icon hydrated="" icon-name="alert-warning-octogon"></gux-icon>
      <div class="gux-message">
        <slot name="error"></slot>
      </div>
    </div>
  </div>
</div>
`;

exports[`gux-form-field-text-like #render prefix should render component as expected 1`] = `"<gux-form-field-text-like lang=\\"en\\" hydrated=\\"\\"> <span slot=\\"prefix\\">Prefix</span> <input slot=\\"input\\" type=\\"text\\" value=\\"Sample text\\" id=\\"gux-form-field-input-i\\"> <label slot=\\"label\\" for=\\"gux-form-field-input-i\\">Label</label> </gux-form-field-text-like>"`;

exports[`gux-form-field-text-like #render prefix should render component as expected 2`] = `
<div class="gux-beside gux-form-field-container">
  <div class="gux-beside gux-form-field-label">
    <slot name="label"></slot>
  </div>
  <div class="gux-input-and-error-container">
    <div class="gux-input">
      <div class="gux-input-container prefix">
        <slot name="prefix"></slot>
        <slot name="input"></slot>
        <slot name="suffix"></slot>
        <div class="gux-sr-only">
          Prefix
        </div>
      </div>
    </div>
    <div class="gux-form-field-error">
      <gux-icon hydrated="" icon-name="alert-warning-octogon"></gux-icon>
      <div class="gux-message">
        <slot name="error"></slot>
      </div>
    </div>
  </div>
</div>
`;

exports[`gux-form-field-text-like #render suffix should render component as expected 1`] = `"<gux-form-field-text-like lang=\\"en\\" hydrated=\\"\\"> <input slot=\\"input\\" type=\\"text\\" value=\\"Sample text\\" id=\\"gux-form-field-input-i\\"> <span slot=\\"suffix\\">Suffix</span> <label slot=\\"label\\" for=\\"gux-form-field-input-i\\">Label</label> </gux-form-field-text-like>"`;

exports[`gux-form-field-text-like #render suffix should render component as expected 2`] = `
<div class="gux-beside gux-form-field-container">
  <div class="gux-beside gux-form-field-label">
    <slot name="label"></slot>
  </div>
  <div class="gux-input-and-error-container">
    <div class="gux-input">
      <div class="gux-input-container suffix">
        <slot name="prefix"></slot>
        <slot name="input"></slot>
        <slot name="suffix"></slot>
        <div class="gux-sr-only">
          Suffix
        </div>
      </div>
    </div>
    <div class="gux-form-field-error">
      <gux-icon hydrated="" icon-name="alert-warning-octogon"></gux-icon>
      <div class="gux-message">
        <slot name="error"></slot>
      </div>
    </div>
  </div>
</div>
`;

exports[`gux-form-field-text-like input attributes should render component as expected (1) 1`] = `"<gux-form-field-text-like lang=\\"en\\" hydrated=\\"\\"> <input slot=\\"input\\" type=\\"text\\" value=\\"Sample text\\" id=\\"gux-form-field-input-i\\"> <label slot=\\"label\\" for=\\"gux-form-field-input-i\\">Label</label> </gux-form-field-text-like>"`;

exports[`gux-form-field-text-like input attributes should render component as expected (1) 2`] = `
<div class="gux-beside gux-form-field-container">
  <div class="gux-beside gux-form-field-label">
    <slot name="label"></slot>
  </div>
  <div class="gux-input-and-error-container">
    <div class="gux-input">
      <div class="gux-input-container">
        <slot name="prefix"></slot>
        <slot name="input"></slot>
        <slot name="suffix"></slot>
        <div class="gux-sr-only">
          0
        </div>
      </div>
    </div>
    <div class="gux-form-field-error">
      <gux-icon hydrated="" icon-name="alert-warning-octogon"></gux-icon>
      <div class="gux-message">
        <slot name="error"></slot>
      </div>
    </div>
  </div>
</div>
`;

exports[`gux-form-field-text-like input attributes should render component as expected (2) 1`] = `"<gux-form-field-text-like lang=\\"en\\" hydrated=\\"\\"> <input slot=\\"input\\" type=\\"text\\" value=\\"Sample text\\" disabled=\\"\\" id=\\"gux-form-field-input-i\\"> <label slot=\\"label\\" for=\\"gux-form-field-input-i\\">Label</label> </gux-form-field-text-like>"`;

exports[`gux-form-field-text-like input attributes should render component as expected (2) 2`] = `
<div class="gux-beside gux-form-field-container">
  <div class="gux-beside gux-form-field-label">
    <slot name="label"></slot>
  </div>
  <div class="gux-input-and-error-container">
    <div class="gux-input">
      <div class="gux-disabled gux-input-container">
        <slot name="prefix"></slot>
        <slot name="input"></slot>
        <slot name="suffix"></slot>
        <div class="gux-sr-only">
          0
        </div>
      </div>
    </div>
    <div class="gux-form-field-error">
      <gux-icon hydrated="" icon-name="alert-warning-octogon"></gux-icon>
      <div class="gux-message">
        <slot name="error"></slot>
      </div>
    </div>
  </div>
</div>
`;

exports[`gux-form-field-text-like input attributes should render component as expected (3) 1`] = `"<gux-form-field-text-like lang=\\"en\\" hydrated=\\"\\"> <input slot=\\"input\\" type=\\"text\\" value=\\"Sample text\\" required=\\"\\" id=\\"gux-form-field-input-i\\"> <label slot=\\"label\\" for=\\"gux-form-field-input-i\\">Label</label> </gux-form-field-text-like>"`;

exports[`gux-form-field-text-like input attributes should render component as expected (3) 2`] = `
<div class="gux-beside gux-form-field-container">
  <div class="gux-beside gux-form-field-label gux-required">
    <slot name="label"></slot>
  </div>
  <div class="gux-input-and-error-container">
    <div class="gux-input">
      <div class="gux-input-container">
        <slot name="prefix"></slot>
        <slot name="input"></slot>
        <slot name="suffix"></slot>
        <div class="gux-sr-only">
          0
        </div>
      </div>
    </div>
    <div class="gux-form-field-error">
      <gux-icon hydrated="" icon-name="alert-warning-octogon"></gux-icon>
      <div class="gux-message">
        <slot name="error"></slot>
      </div>
    </div>
  </div>
</div>
`;
